---
source: crates/rattler_libsolv_rs/src/solver/mod.rs
assertion_line: 1306
expression: error
---
No candidates were found for b 14.*.

