---
source: crates/rattler_libsolv_rs/src/solver/mod.rs
assertion_line: 1281
expression: error
---
asdf cannot be installed because there are no viable options:
|-- asdf 1.2.3 would require
    |-- c >1, for which no candidates were found.

